
> next-template@0.1.0 build E:\SW\Airvik-dyad
> next build

   Γû▓ Next.js 15.3.6
   - Environments: .env.local

   Creating an optimized production build ...
node.exe : Failed to compile.
At C:\Program Files\nodejs\pnpm.ps1:16 char:5
+     & "$basedir/node$exe"  
"$basedir/node_modules/corepack/dist/pnpm. ...
+     ~~~~~~~~~~~~~~~~~~~~~~~~~~~~~~~~~~~~~~~~~~
~~~~~~~~~~~~~~~~~~~~~~~
    + CategoryInfo          : NotSpecified: 
(Failed     to compile.:String) [], 
RemoteException
    + FullyQualifiedErrorId : NativeCommandError
 

./node_modules/.pnpm/react-dom@19.2.1_react@19.2
.1/node_modules/react-dom/cjs/react-dom-client.p
roduction.js
Module parse failed: Unexpected token (9973:8)
You may need an appropriate loader to handle 
this file type, currently no loaders are 
configured to process this file. See 
https://webpack.js.org/concepts#loaders
|         break;
|       case 1:
>         

Import trace for requested module:
./node_modules/.pnpm/react-dom@19.2.1_react@19.2
.1/node_modules/react-dom/cjs/react-dom-client.p
roduction.js
./node_modules/.pnpm/react-dom@19.2.1_react@19.2
.1/node_modules/react-dom/client.js
./node_modules/.pnpm/next@15.3.6_@babel+core@7.2
_51763bbee97d6cf0a92d1d52ac881ec4/node_modules/n
ext/dist/client/index.js


> Build failed because of webpack errors
ΓÇëELIFECYCLEΓÇë Command failed with exit code 1.
